// Jest Snapshot v1, https://goo.gl/fbAQLP

exports[`App renders correctly 1`] = `
<div
  class="App__AppStyled-c3tp1e-0 dduStM"
>
  <header>
    <img
      alt=""
      src="logo.svg"
    />
  </header>
  <section>
    
    <div>
      <button
        class="Button__ButtonStyled-sc-102td2i-0 cTEKEK"
        id="Montag"
      >
        <span
          class="day"
        >
          Montag
        </span>
        <span
          class="meal"
        >
          Auswählen
        </span>
      </button>
    </div>
    <div>
      <button
        class="Button__ButtonStyled-sc-102td2i-0 cTEKEK"
        id="Dienstag"
      >
        <span
          class="day"
        >
          Dienstag
        </span>
        <span
          class="meal"
        >
          Auswählen
        </span>
      </button>
    </div>
    <div>
      <button
        class="Button__ButtonStyled-sc-102td2i-0 cTEKEK"
        id="Mittwoch"
      >
        <span
          class="day"
        >
          Mittwoch
        </span>
        <span
          class="meal"
        >
          Auswählen
        </span>
      </button>
    </div>
    <div>
      <button
        class="Button__ButtonStyled-sc-102td2i-0 cTEKEK"
        id="Donnerstag"
      >
        <span
          class="day"
        >
          Donnerstag
        </span>
        <span
          class="meal"
        >
          Auswählen
        </span>
      </button>
    </div>
    <div>
      <button
        class="Button__ButtonStyled-sc-102td2i-0 cTEKEK"
        id="Freitag"
      >
        <span
          class="day"
        >
          Freitag
        </span>
        <span
          class="meal"
        >
          Auswählen
        </span>
      </button>
    </div>
    <div>
      <button
        class="Button__ButtonStyled-sc-102td2i-0 cTEKEK"
        id="Samstag"
      >
        <span
          class="day"
        >
          Samstag
        </span>
        <span
          class="meal"
        >
          Auswählen
        </span>
      </button>
    </div>
    <div>
      <button
        class="Button__ButtonStyled-sc-102td2i-0 cTEKEK"
        id="Sonntag"
      >
        <span
          class="day"
        >
          Sonntag
        </span>
        <span
          class="meal"
        >
          Auswählen
        </span>
      </button>
    </div>
  </section>
  <footer />
</div>
`;
